tc_test_generichash_multipart.adb:7:11: warning: file name does not match unit name, should be "test_generichash_multipart.adb"
