tc_test_box.adb:7:11: warning: file name does not match unit name, should be "test_box.adb"
