tc_test_auth.adb:8:11: warning: file name does not match unit name, should be "test_auth.adb"
