tc_test_box_seal.adb:7:11: warning: file name does not match unit name, should be "test_box_seal.adb"
