tc_test_generichash.adb:7:11: warning: file name does not match unit name, should be "test_generichash.adb"
